This is pdfTeX, Version 3.141592653-2.6-1.40.29 (MiKTeX 26.5) (preloaded format=pdflatex 2026.5.17)  17 MAY 2026 17:48
entering extended mode
 restricted \write18 enabled.
 file:line:error style messages enabled.
 %&-line parsing enabled.
**"d:/FACULTAD UTN/4° AÑO/Simulacion/TPS/TP1.2/main.tex"
(d:/FACULTAD UTN/4° AÑO/Simulacion/TPS/TP1.2/main.tex
LaTeX2e <2025-11-01>
L3 programming layer <2026-03-20>
(C:\Users\lucia\AppData\Local\Programs\MiKTeX\tex/latex/base\article.cls
Document Class: article 2025/01/22 v1.4n Standard LaTeX document class
(C:\Users\lucia\AppData\Local\Programs\MiKTeX\tex/latex/base\size10.clo
File: size10.clo 2025/01/22 v1.4n Standard LaTeX file (size option)
)
\c@part=\count275
\c@section=\count276
\c@subsection=\count277
\c@subsubsection=\count278
\c@paragraph=\count279
\c@subparagraph=\count280
\c@figure=\count281
\c@table=\count282
\abovecaptionskip=\skip49
\belowcaptionskip=\skip50
\bibindent=\dimen150
) (arxiv.sty (C:\Users\lucia\AppData\Local\Programs\MiKTeX\tex/latex/geometry\geometry.sty
Package: geometry 2026/03/07 v6.0 Page Geometry
 (C:\Users\lucia\AppData\Local\Programs\MiKTeX\tex/latex/graphics\keyval.sty
Package: keyval 2022/05/29 v1.15 key=value parser (DPC)
\KV@toks@=\toks17
) (C:\Users\lucia\AppData\Local\Programs\MiKTeX\tex/generic/iftex\ifvtex.sty
Package: ifvtex 2019/10/25 v1.7 ifvtex legacy package. Use iftex instead.
 (C:\Users\lucia\AppData\Local\Programs\MiKTeX\tex/generic/iftex\iftex.sty
Package: iftex 2024/12/12 v1.0g TeX engine tests
))
\Gm@cnth=\count283
\Gm@cntv=\count284
\c@Gm@tempcnt=\count285
\Gm@bindingoffset=\dimen151
\Gm@wd@mp=\dimen152
\Gm@odd@mp=\dimen153
\Gm@even@mp=\dimen154
\Gm@layoutwidth=\dimen155
\Gm@layoutheight=\dimen156
\Gm@layouthoffset=\dimen157
\Gm@layoutvoffset=\dimen158
\Gm@dimlist=\toks18
 (C:\Users\lucia\AppData\Local\Programs\MiKTeX\tex/latex/geometry\geometry.cfg)) (C:\Users\lucia\AppData\Local\Programs\MiKTeX\tex/latex/fancyhdr\fancyhdr.sty
Package: fancyhdr 2025/02/07 v5.2 Extensive control of page headers and footers
\f@nch@headwidth=\skip51
\f@nch@offset@elh=\skip52
\f@nch@offset@erh=\skip53
\f@nch@offset@olh=\skip54
\f@nch@offset@orh=\skip55
\f@nch@offset@elf=\skip56
\f@nch@offset@erf=\skip57
\f@nch@offset@olf=\skip58
\f@nch@offset@orf=\skip59
\f@nch@height=\skip60
\f@nch@footalignment=\skip61
\f@nch@widthL=\skip62
\f@nch@widthC=\skip63
\f@nch@widthR=\skip64
\@temptokenb=\toks19
)
\@abovecaptionskip=\skip65
\@belowcaptionskip=\skip66
) (C:\Users\lucia\AppData\Local\Programs\MiKTeX\tex/latex/base\inputenc.sty
Package: inputenc 2024/02/08 v1.3d Input encoding file
\inpenc@prehook=\toks20
\inpenc@posthook=\toks21
) (C:\Users\lucia\AppData\Local\Programs\MiKTeX\tex/generic/babel\babel.sty
Package: babel 2026/04/15 v26.6 The multilingual framework for LuaLaTeX, pdfLaTeX and XeLaTeX
\babel@savecnt=\count286
LaTeX Encoding Info:    Redeclaring text command \ij (encoding OT1) on input line 2078.
LaTeX Encoding Info:    Redeclaring text command \IJ (encoding OT1) on input line 2080.
LaTeX Encoding Info:    Redeclaring text command \ij (encoding T1) on input line 2082.
LaTeX Encoding Info:    Redeclaring text command \IJ (encoding T1) on input line 2083.
LaTeX Encoding Info:    Ignoring declaration for text command \ij (encoding ?) on input line 2084.
LaTeX Encoding Info:    Ignoring declaration for text command \IJ (encoding ?) on input line 2086.
LaTeX Encoding Info:    Ignoring declaration for text command \SS (encoding ?) on input line 2111.
\U@D=\dimen159
\l@unhyphenated=\language79
 (C:\Users\lucia\AppData\Local\Programs\MiKTeX\tex/generic/babel\txtbabel.def)
\bbl@readstream=\read2
\bbl@dirlevel=\count287
Package babel Info: Configuration files are deprecated, as
(babel)             they can break document portability.
(babel)             Reported on input line 4206.

*************************************
* Local config file bblopts.cfg used
*
(C:\Users\lucia\AppData\Local\Programs\MiKTeX\tex/latex/arabi\bblopts.cfg
File: bblopts.cfg 2005/09/08 v0.1 add Arabic and Farsi to "declared" options of babel
) (C:\Users\lucia\AppData\Local\Programs\MiKTeX\tex/generic/babel/locale/es\babel-spanish.tex)
Package babel Info: Importing font and identification data for spanish
(babel)             from babel-es.ini. Reported on input line 4330.
 (C:\Users\lucia\AppData\Local\Programs\MiKTeX\tex/latex/babel-spanish\spanish.ldf
Language: spanish.ldf 2021/05/27 v5.0q Spanish support from the babel system
\es@quottoks=\toks22
\es@quotdepth=\count288
Package babel Info: Making " an active character on input line 570.
Package babel Info: Making . an active character on input line 675.
Package babel Info: Making < an active character on input line 722.
Package babel Info: Making > an active character on input line 722.
))
LaTeX Encoding Info:    Redeclaring text command \guillemotleft (encoding OT1) on input line 8.
LaTeX Encoding Info:    Redeclaring text command \guillemotright (encoding OT1) on input line 8.
 (C:\Users\lucia\AppData\Local\Programs\MiKTeX\tex/latex/base\fontenc.sty
Package: fontenc 2025/07/18 v2.1d Standard LaTeX package
LaTeX Font Info:    Trying to load font information for T1+ptm on input line 116.
 (C:\Users\lucia\AppData\Local\Programs\MiKTeX\tex/latex/psnfss\t1ptm.fd
File: t1ptm.fd 2001/06/04 font definitions for T1/ptm.
)) (C:\Users\lucia\AppData\Local\Programs\MiKTeX\tex/latex/hyperref\hyperref.sty
Package: hyperref 2026-04-24 v7.01q Hypertext links for LaTeX
 (C:\Users\lucia\AppData\Local\Programs\MiKTeX\tex/latex/kvsetkeys\kvsetkeys.sty
Package: kvsetkeys 2022-10-05 v1.19 Key value parser (HO)
) (C:\Users\lucia\AppData\Local\Programs\MiKTeX\tex/generic/kvdefinekeys\kvdefinekeys.sty
Package: kvdefinekeys 2019-12-19 v1.6 Define keys (HO)
) (C:\Users\lucia\AppData\Local\Programs\MiKTeX\tex/generic/pdfescape\pdfescape.sty
Package: pdfescape 2019/12/09 v1.15 Implements pdfTeX's escape features (HO)
 (C:\Users\lucia\AppData\Local\Programs\MiKTeX\tex/generic/ltxcmds\ltxcmds.sty
Package: ltxcmds 2023-12-04 v1.26 LaTeX kernel commands for general use (HO)
) (C:\Users\lucia\AppData\Local\Programs\MiKTeX\tex/generic/pdftexcmds\pdftexcmds.sty
Package: pdftexcmds 2020-06-27 v0.33 Utility functions of pdfTeX for LuaTeX (HO)
 (C:\Users\lucia\AppData\Local\Programs\MiKTeX\tex/generic/infwarerr\infwarerr.sty
Package: infwarerr 2019/12/03 v1.5 Providing info/warning/error messages (HO)
)
Package pdftexcmds Info: \pdf@primitive is available.
Package pdftexcmds Info: \pdf@ifprimitive is available.
Package pdftexcmds Info: \pdfdraftmode found.
)) (C:\Users\lucia\AppData\Local\Programs\MiKTeX\tex/latex/hycolor\hycolor.sty
Package: hycolor 2020-01-27 v1.10 Color options for hyperref/bookmark (HO)
) (C:\Users\lucia\AppData\Local\Programs\MiKTeX\tex/latex/hyperref\nameref.sty
Package: nameref 2026-01-29 v2.58 Cross-referencing by name of section
 (C:\Users\lucia\AppData\Local\Programs\MiKTeX\tex/latex/refcount\refcount.sty
Package: refcount 2019/12/15 v3.6 Data extraction from label references (HO)
) (C:\Users\lucia\AppData\Local\Programs\MiKTeX\tex/generic/gettitlestring\gettitlestring.sty
Package: gettitlestring 2019/12/15 v1.6 Cleanup title references (HO)
 (C:\Users\lucia\AppData\Local\Programs\MiKTeX\tex/latex/kvoptions\kvoptions.sty
Package: kvoptions 2022-06-15 v3.15 Key value format for package options (HO)
))
\c@section@level=\count289
) (C:\Users\lucia\AppData\Local\Programs\MiKTeX\tex/latex/etoolbox\etoolbox.sty
Package: etoolbox 2025/10/02 v2.5m e-TeX tools for LaTeX (JAW)
\etb@tempcnta=\count290
) (C:\Users\lucia\AppData\Local\Programs\MiKTeX\tex/generic/stringenc\stringenc.sty
Package: stringenc 2019/11/29 v1.12 Convert strings between diff. encodings (HO)
)
\@linkdim=\dimen160
\Hy@linkcounter=\count291
\Hy@pagecounter=\count292
 (C:\Users\lucia\AppData\Local\Programs\MiKTeX\tex/latex/hyperref\pd1enc.def
File: pd1enc.def 2026-04-24 v7.01q Hyperref: PDFDocEncoding definition (HO)
Now handling font encoding PD1 ...
... no UTF-8 mapping file for font encoding PD1
) (C:\Users\lucia\AppData\Local\Programs\MiKTeX\tex/generic/intcalc\intcalc.sty
Package: intcalc 2019/12/15 v1.3 Expandable calculations with integers (HO)
)
\Hy@SavedSpaceFactor=\count293
 (C:\Users\lucia\AppData\Local\Programs\MiKTeX\tex/latex/hyperref\puenc.def
File: puenc.def 2026-04-24 v7.01q Hyperref: PDF Unicode definition (HO)
Now handling font encoding PU ...
... no UTF-8 mapping file for font encoding PU
)
Package hyperref Info: Hyper figures OFF on input line 4199.
Package hyperref Info: Link nesting OFF on input line 4204.
Package hyperref Info: Hyper index ON on input line 4207.
Package hyperref Info: Plain pages OFF on input line 4214.
Package hyperref Info: Backreferencing OFF on input line 4219.
Package hyperref Info: Implicit mode ON; LaTeX internals redefined.
Package hyperref Info: Bookmarks ON on input line 4466.
\c@Hy@tempcnt=\count294
 (C:\Users\lucia\AppData\Local\Programs\MiKTeX\tex/latex/url\url.sty
\Urlmuskip=\muskip17
Package: url 2013/09/16  ver 3.4  Verb mode for urls, etc.
)
LaTeX Info: Redefining \url on input line 4805.
\XeTeXLinkMargin=\dimen161
 (C:\Users\lucia\AppData\Local\Programs\MiKTeX\tex/generic/bitset\bitset.sty
Package: bitset 2019/12/09 v1.3 Handle bit-vector datatype (HO)
 (C:\Users\lucia\AppData\Local\Programs\MiKTeX\tex/generic/bigintcalc\bigintcalc.sty
Package: bigintcalc 2019/12/15 v1.5 Expandable calculations on big integers (HO)
))
\Fld@menulength=\count295
\Field@Width=\dimen162
\Fld@charsize=\dimen163
Package hyperref Info: Hyper figures OFF on input line 6091.
Package hyperref Info: Link nesting OFF on input line 6096.
Package hyperref Info: Hyper index ON on input line 6099.
Package hyperref Info: backreferencing OFF on input line 6106.
Package hyperref Info: Link coloring OFF on input line 6111.
Package hyperref Info: Link coloring with OCG OFF on input line 6116.
Package hyperref Info: PDF/A mode OFF on input line 6121.
\Hy@abspage=\count296
\c@Item=\count297
\c@Hfootnote=\count298
)
Package hyperref Info: Driver (autodetected): hpdftex.
 (C:\Users\lucia\AppData\Local\Programs\MiKTeX\tex/latex/hyperref\hpdftex.def
File: hpdftex.def 2026-04-24 v7.01q Hyperref driver for pdfTeX
\Fld@listcount=\count299
\c@bookmark@seq@number=\count300
 (C:\Users\lucia\AppData\Local\Programs\MiKTeX\tex/latex/rerunfilecheck\rerunfilecheck.sty
Package: rerunfilecheck 2025-06-21 v1.11 Rerun checks for auxiliary files (HO)
 (C:\Users\lucia\AppData\Local\Programs\MiKTeX\tex/generic/uniquecounter\uniquecounter.sty
Package: uniquecounter 2019/12/15 v1.4 Provide unlimited unique counter (HO)
)
Package uniquecounter Info: New unique counter `rerunfilecheck' on input line 284.
)
\Hy@SectionHShift=\skip67
) (C:\Users\lucia\AppData\Local\Programs\MiKTeX\tex/latex/booktabs\booktabs.sty
Package: booktabs 2020/01/12 v1.61803398 Publication quality tables
\heavyrulewidth=\dimen164
\lightrulewidth=\dimen165
\cmidrulewidth=\dimen166
\belowrulesep=\dimen167
\belowbottomsep=\dimen168
\aboverulesep=\dimen169
\abovetopsep=\dimen170
\cmidrulesep=\dimen171
\cmidrulekern=\dimen172
\defaultaddspace=\dimen173
\@cmidla=\count301
\@cmidlb=\count302
\@aboverulesep=\dimen174
\@belowrulesep=\dimen175
\@thisruleclass=\count303
\@lastruleclass=\count304
\@thisrulewidth=\dimen176
) (C:\Users\lucia\AppData\Local\Programs\MiKTeX\tex/latex/amsfonts\amsfonts.sty
Package: amsfonts 2013/01/14 v3.01 Basic AMSFonts support
\@emptytoks=\toks23
\symAMSa=\mathgroup4
\symAMSb=\mathgroup5
LaTeX Font Info:    Redeclaring math symbol \hbar on input line 98.
LaTeX Font Info:    Overwriting math alphabet `\mathfrak' in version `bold'
(Font)                  U/euf/m/n --> U/euf/b/n on input line 106.
) (C:\Users\lucia\AppData\Local\Programs\MiKTeX\tex/latex/units\nicefrac.sty
Package: nicefrac 1998/08/04 v0.9b Nice fractions
\L@UnitsRaiseDisplaystyle=\skip68
\L@UnitsRaiseTextstyle=\skip69
\L@UnitsRaiseScriptstyle=\skip70
 (C:\Users\lucia\AppData\Local\Programs\MiKTeX\tex/latex/base\ifthen.sty
Package: ifthen 2024/03/16 v1.1e Standard LaTeX ifthen package (DPC)
)) (C:\Users\lucia\AppData\Local\Programs\MiKTeX\tex/latex/microtype\microtype.sty
Package: microtype 2026/03/01 v3.2d Micro-typographical refinements (RS)
\MT@toks=\toks24
\MT@tempbox=\box53
\MT@count=\count305
LaTeX Info: Redefining \noprotrusionifhmode on input line 1084.
LaTeX Info: Redefining \leftprotrusion on input line 1085.
\MT@prot@toks=\toks25
LaTeX Info: Redefining \rightprotrusion on input line 1104.
LaTeX Info: Redefining \textls on input line 1449.
\MT@outer@kern=\dimen177
LaTeX Info: Redefining \microtypecontext on input line 2053.
LaTeX Info: Redefining \textmicrotypecontext on input line 2070.
\MT@listname@count=\count306
 (C:\Users\lucia\AppData\Local\Programs\MiKTeX\tex/latex/microtype\microtype-pdftex.def
File: microtype-pdftex.def 2026/03/01 v3.2d Definitions specific to pdftex (RS)
LaTeX Info: Redefining \lsstyle on input line 944.
LaTeX Info: Redefining \lslig on input line 944.
\MT@outer@space=\skip71
)
Package microtype Info: Loading configuration file microtype.cfg.
 (C:\Users\lucia\AppData\Local\Programs\MiKTeX\tex/latex/microtype\microtype.cfg
File: microtype.cfg 2026/03/01 v3.2d microtype main configuration file (RS)
)
LaTeX Info: Redefining \microtypesetup on input line 3065.
) (C:\Users\lucia\AppData\Local\Programs\MiKTeX\tex/latex/lipsum\lipsum.sty (C:\Users\lucia\AppData\Local\Programs\MiKTeX\tex/latex/l3packages/l3keys2e\l3keys2e.sty (C:\Users\lucia\AppData\Local\Programs\MiKTeX\tex/latex/l3kernel\expl3.sty
Package: expl3 2026-03-20 L3 programming layer (loader) 
 (C:\Users\lucia\AppData\Local\Programs\MiKTeX\tex/latex/l3backend\l3backend-pdftex.def
File: l3backend-pdftex.def 2026-02-18 L3 backend support: PDF output (pdfTeX)
\l__color_backend_stack_int=\count307
))
Package: l3keys2e 2025-10-09 LaTeX2e option processing using LaTeX3 keys
)
Package: lipsum 2021-09-20 v2.7 150 paragraphs of Lorem Ipsum dummy text
\g__lipsum_par_int=\count308
\l__lipsum_a_int=\count309
\l__lipsum_b_int=\count310
 (C:\Users\lucia\AppData\Local\Programs\MiKTeX\tex/latex/lipsum\lipsum.ltd.tex)) (C:\Users\lucia\AppData\Local\Programs\MiKTeX\tex/latex/graphics\graphicx.sty
Package: graphicx 2024/12/31 v1.2e Enhanced LaTeX Graphics (DPC,SPQR)
 (C:\Users\lucia\AppData\Local\Programs\MiKTeX\tex/latex/graphics\graphics.sty
Package: graphics 2024/08/06 v1.4g Standard LaTeX Graphics (DPC,SPQR)
 (C:\Users\lucia\AppData\Local\Programs\MiKTeX\tex/latex/graphics\trig.sty
Package: trig 2023/12/02 v1.11 sin cos tan (DPC)
) (C:\Users\lucia\AppData\Local\Programs\MiKTeX\tex/latex/graphics-cfg\graphics.cfg
File: graphics.cfg 2016/06/04 v1.11 sample graphics configuration
)
Package graphics Info: Driver file: pdftex.def on input line 106.
 (C:\Users\lucia\AppData\Local\Programs\MiKTeX\tex/latex/graphics-def\pdftex.def
File: pdftex.def 2025/09/29 v1.2d Graphics/color driver for pdftex
))
\Gin@req@height=\dimen178
\Gin@req@width=\dimen179
) (C:\Users\lucia\AppData\Local\Programs\MiKTeX\tex/latex/float\float.sty
Package: float 2001/11/08 v1.3d Float enhancements (AL)
\c@float@type=\count311
\float@exts=\toks26
\float@box=\box54
\@float@everytoks=\toks27
\@floatcapt=\box55
) (main.aux
LaTeX Info: Redefining \. on input line 11.
LaTeX Info: Redefining \% on input line 11.
Package babel Info: 'spanish' activates 'spanish' shorthands.
(babel)             Reported on input line 11.
)
\openout1 = `main.aux'.

LaTeX Font Info:    Checking defaults for OML/cmm/m/it on input line 53.
LaTeX Font Info:    ... okay on input line 53.
LaTeX Font Info:    Checking defaults for OMS/cmsy/m/n on input line 53.
LaTeX Font Info:    ... okay on input line 53.
LaTeX Font Info:    Checking defaults for OT1/cmr/m/n on input line 53.
LaTeX Font Info:    ... okay on input line 53.
LaTeX Font Info:    Checking defaults for T1/cmr/m/n on input line 53.
LaTeX Font Info:    ... okay on input line 53.
LaTeX Font Info:    Checking defaults for TS1/cmr/m/n on input line 53.
LaTeX Font Info:    ... okay on input line 53.
LaTeX Font Info:    Checking defaults for OMX/cmex/m/n on input line 53.
LaTeX Font Info:    ... okay on input line 53.
LaTeX Font Info:    Checking defaults for U/cmr/m/n on input line 53.
LaTeX Font Info:    ... okay on input line 53.
LaTeX Font Info:    Checking defaults for PD1/pdf/m/n on input line 53.
LaTeX Font Info:    ... okay on input line 53.
LaTeX Font Info:    Checking defaults for PU/pdf/m/n on input line 53.
LaTeX Font Info:    ... okay on input line 53.

*geometry* driver: auto-detecting
*geometry* detected driver: pdftex
*geometry* verbose mode - [ preamble ] result:
* driver: pdftex
* paper: letterpaper
* layout: <same size as paper>
* layoutoffset:(h,v)=(0.0pt,0.0pt)
* modes: 
* h-part:(L,W,R)=(92.14519pt, 430.00462pt, 92.14519pt)
* v-part:(T,H,B)=(95.39737pt, 556.47656pt, 143.09605pt)
* \paperwidth=614.295pt
* \paperheight=794.96999pt
* \textwidth=430.00462pt
* \textheight=556.47656pt
* \oddsidemargin=19.8752pt
* \evensidemargin=19.8752pt
* \topmargin=-13.87262pt
* \headheight=12.0pt
* \headsep=25.0pt
* \topskip=10.0pt
* \footskip=30.0pt
* \marginparwidth=65.0pt
* \marginparsep=11.0pt
* \columnsep=10.0pt
* \skip\footins=9.0pt plus 4.0pt minus 2.0pt
* \hoffset=0.0pt
* \voffset=0.0pt
* \mag=1000
* \@twocolumnfalse
* \@twosidefalse
* \@mparswitchfalse
* \@reversemarginfalse
* (1in=72.27pt=25.4mm, 1cm=28.453pt)

*geometry* verbose mode - [ newgeometry ] result:
* driver: pdftex
* paper: letterpaper
* layout: <same size as paper>
* layoutoffset:(h,v)=(0.0pt,0.0pt)
* modes: 
* h-part:(L,W,R)=(72.27pt, 469.75499pt, 72.27pt)
* v-part:(T,H,B)=(72.26999pt, 650.43pt, 72.27pt)
* \paperwidth=614.295pt
* \paperheight=794.96999pt
* \textwidth=469.75499pt
* \textheight=650.43pt
* \oddsidemargin=0.00002pt
* \evensidemargin=0.00002pt
* \topmargin=-39.0pt
* \headheight=14.0pt
* \headsep=25.0pt
* \topskip=10.0pt
* \footskip=30.0pt
* \marginparwidth=65.0pt
* \marginparsep=11.0pt
* \columnsep=10.0pt
* \skip\footins=9.0pt plus 4.0pt minus 2.0pt
* \hoffset=0.0pt
* \voffset=0.0pt
* \mag=1000
* \@twocolumnfalse
* \@twosidefalse
* \@mparswitchfalse
* \@reversemarginfalse
* (1in=72.27pt=25.4mm, 1cm=28.453pt)

LaTeX Info: Redefining \. on input line 53.
LaTeX Info: Redefining \% on input line 53.
Package hyperref Info: Link coloring OFF on input line 53.
(main.out) (main.out)
\@outlinefile=\write3
\openout3 = `main.out'.

LaTeX Info: Redefining \microtypecontext on input line 53.
Package microtype Info: Applying patch `item' on input line 53.
Package microtype Info: Applying patch `toc' on input line 53.
Package microtype Info: Applying patch `eqnum' on input line 53.
Package microtype Info: Applying patch `footnote' on input line 53.
Package microtype Info: Applying patch `verbatim' on input line 53.
LaTeX Info: Redefining \microtypesetup on input line 53.
Package microtype Info: Generating PDF output.
Package microtype Info: Character protrusion enabled (level 2).
Package microtype Info: Using default protrusion set `alltext'.
Package microtype Info: Automatic font expansion enabled (level 2),
(microtype)             stretch: 20, shrink: 20, step: 1, non-selected.
Package microtype Info: Using default expansion set `alltext-nott'.
Package microtype Info: Patching command `\showhyphens'.
Package microtype Info: No adjustment of tracking.
Package microtype Info: No adjustment of interword spacing.
Package microtype Info: No adjustment of character kerning.
 (C:\Users\lucia\AppData\Local\Programs\MiKTeX\tex/latex/microtype\mt-ptm.cfg
File: mt-ptm.cfg 2006/04/20 v1.7 microtype config. file: Times (RS)
) (C:\Users\lucia\AppData\Local\Programs\MiKTeX\tex/context/base/mkii\supp-pdf.mkii
[Loading MPS to PDF converter (version 2006.09.02).]
\scratchcounter=\count312
\scratchdimen=\dimen180
\scratchbox=\box56
\nofMPsegments=\count313
\nofMParguments=\count314
\everyMPshowfont=\toks28
\MPscratchCnt=\count315
\MPscratchDim=\dimen181
\MPnumerator=\count316
\makeMPintoPDFobject=\count317
\everyMPtoPDFconversion=\toks29
) (C:\Users\lucia\AppData\Local\Programs\MiKTeX\tex/latex/epstopdf-pkg\epstopdf-base.sty
Package: epstopdf-base 2020-01-24 v2.11 Base part for package epstopdf
Package epstopdf-base Info: Redefining graphics rule for `.eps' on input line 485.
 (C:\Users\lucia\AppData\Local\Programs\MiKTeX\tex/latex/00miktex\epstopdf-sys.cfg
File: epstopdf-sys.cfg 2021/03/18 v2.0 Configuration of epstopdf for MiKTeX
)) (C:\Users\lucia\AppData\Local\Programs\MiKTeX\tex/latex/microtype\mt-cmr.cfg
File: mt-cmr.cfg 2013/05/19 v2.2 microtype config. file: Computer Modern Roman (RS)
)
LaTeX Font Info:    Trying to load font information for U+msa on input line 55.
 (C:\Users\lucia\AppData\Local\Programs\MiKTeX\tex/latex/amsfonts\umsa.fd
File: umsa.fd 2013/01/14 v3.01 AMS symbols A
) (C:\Users\lucia\AppData\Local\Programs\MiKTeX\tex/latex/microtype\mt-msa.cfg
File: mt-msa.cfg 2006/02/04 v1.1 microtype config. file: AMS symbols (a) (RS)
)
LaTeX Font Info:    Trying to load font information for U+msb on input line 55.
 (C:\Users\lucia\AppData\Local\Programs\MiKTeX\tex/latex/amsfonts\umsb.fd
File: umsb.fd 2013/01/14 v3.01 AMS symbols B
) (C:\Users\lucia\AppData\Local\Programs\MiKTeX\tex/latex/microtype\mt-msb.cfg
File: mt-msb.cfg 2005/06/01 v1.0 microtype config. file: AMS symbols (b) (RS)
)
Package microtype Info: Loading generic protrusion settings for font family
(microtype)             `cmtt' (encoding: T1).
(microtype)             For optimal results, create family-specific settings.
(microtype)             See the microtype manual for details.
 [1


{C:/Users/lucia/AppData/Local/MiKTeX/fonts/map/pdftex/pdftex.map}{C:/Users/lucia/AppData/Local/Programs/MiKTeX/fonts/enc/dvips/base/8r.enc}] [2]
<graficos/capital_finito/dalembert_numero_unico/flujo_caja_d_f.png, id=123, 425.54985pt x 327.74445pt>
File: graficos/capital_finito/dalembert_numero_unico/flujo_caja_d_f.png Graphic file (type png)
<use graficos/capital_finito/dalembert_numero_unico/flujo_caja_d_f.png>
Package pdftex.def Info: graficos/capital_finito/dalembert_numero_unico/flujo_caja_d_f.png  used on input line 144.
(pdftex.def)             Requested size: 375.80542pt x 289.4412pt.
LaTeX Font Info:    Trying to load font information for TS1+ptm on input line 145.
 (C:\Users\lucia\AppData\Local\Programs\MiKTeX\tex/latex/psnfss\ts1ptm.fd
File: ts1ptm.fd 2001/06/04 font definitions for TS1/ptm.
)
<graficos/capital_finito/dalembert_numero_unico/corridas_5_d_f.png, id=125, 633.567pt x 338.34406pt>
File: graficos/capital_finito/dalembert_numero_unico/corridas_5_d_f.png Graphic file (type png)
<use graficos/capital_finito/dalembert_numero_unico/corridas_5_d_f.png>
Package pdftex.def Info: graficos/capital_finito/dalembert_numero_unico/corridas_5_d_f.png  used on input line 150.
(pdftex.def)             Requested size: 375.80542pt x 200.68993pt.
<graficos/capital_finito/dalembert_numero_unico/frecuencia_relativa_evolucion_d_f.png, id=126, 617.6676pt x 338.9463pt>
File: graficos/capital_finito/dalembert_numero_unico/frecuencia_relativa_evolucion_d_f.png Graphic file (type png)
<use graficos/capital_finito/dalembert_numero_unico/frecuencia_relativa_evolucion_d_f.png>
Package pdftex.def Info: graficos/capital_finito/dalembert_numero_unico/frecuencia_relativa_evolucion_d_f.png  used on input line 156.
(pdftex.def)             Requested size: 375.80542pt x 206.22424pt.
 [3
pdfTeX warning (ext4): destination with the same identifier (name{figure.1}) has been already used, duplicate ignored
<argument> ...shipout:D \box_use:N \l_shipout_box 
                                                  \__shipout_drop_firstpage_...
l.159 \end{figure}
                   <./graficos/capital_finito/dalembert_numero_unico/flujo_caja_d_f.png>]
<graficos/capital_finito/dalembert_numero_unico/frecuencias_multiples_d_f.png, id=133, 617.6676pt x 338.34406pt>
File: graficos/capital_finito/dalembert_numero_unico/frecuencias_multiples_d_f.png Graphic file (type png)
<use graficos/capital_finito/dalembert_numero_unico/frecuencias_multiples_d_f.png>
Package pdftex.def Info: graficos/capital_finito/dalembert_numero_unico/frecuencias_multiples_d_f.png  used on input line 162.
(pdftex.def)             Requested size: 375.80542pt x 205.8578pt.

Underfull \vbox (badness 10000) has occurred while \output is active []

 [4
pdfTeX warning (ext4): destination with the same identifier (name{figure.2}) has been already used, duplicate ignored
<argument> ...shipout:D \box_use:N \l_shipout_box 
                                                  \__shipout_drop_firstpage_...
l.166 
      
pdfTeX warning (ext4): destination with the same identifier (name{figure.3}) has been already used, duplicate ignored
<argument> ...shipout:D \box_use:N \l_shipout_box 
                                                  \__shipout_drop_firstpage_...
l.166 
       <./graficos/capital_finito/dalembert_numero_unico/corridas_5_d_f.png> <./graficos/capital_finito/dalembert_numero_unico/frecuencia_relativa_evolucion_d_f.png>]
<graficos/capital_finito/fibonacci_numero_unico/flujo_caja_f_f.png, id=142, 425.54985pt x 327.74445pt>
File: graficos/capital_finito/fibonacci_numero_unico/flujo_caja_f_f.png Graphic file (type png)
<use graficos/capital_finito/fibonacci_numero_unico/flujo_caja_f_f.png>
Package pdftex.def Info: graficos/capital_finito/fibonacci_numero_unico/flujo_caja_f_f.png  used on input line 171.
(pdftex.def)             Requested size: 375.80542pt x 289.4412pt.
<graficos/capital_finito/fibonacci_numero_unico/corridas_5_f_f.png, id=143, 627.18315pt x 338.34406pt>
File: graficos/capital_finito/fibonacci_numero_unico/corridas_5_f_f.png Graphic file (type png)
<use graficos/capital_finito/fibonacci_numero_unico/corridas_5_f_f.png>
Package pdftex.def Info: graficos/capital_finito/fibonacci_numero_unico/corridas_5_f_f.png  used on input line 177.
(pdftex.def)             Requested size: 375.80542pt x 202.73953pt.
<graficos/capital_finito/fibonacci_numero_unico/frecuencia_relativa_evolucion_f_f.png, id=144, 611.28375pt x 338.9463pt>
File: graficos/capital_finito/fibonacci_numero_unico/frecuencia_relativa_evolucion_f_f.png Graphic file (type png)
<use graficos/capital_finito/fibonacci_numero_unico/frecuencia_relativa_evolucion_f_f.png>
Package pdftex.def Info: graficos/capital_finito/fibonacci_numero_unico/frecuencia_relativa_evolucion_f_f.png  used on input line 183.
(pdftex.def)             Requested size: 375.80542pt x 208.37575pt.

Underfull \vbox (badness 10000) has occurred while \output is active []

 [5
pdfTeX warning (ext4): destination with the same identifier (name{figure.4}) has been already used, duplicate ignored
<argument> ...shipout:D \box_use:N \l_shipout_box 
                                                  \__shipout_drop_firstpage_...
l.186 \end{figure}
                  
pdfTeX warning (ext4): destination with the same identifier (name{figure.5}) has been already used, duplicate ignored
<argument> ...shipout:D \box_use:N \l_shipout_box 
                                                  \__shipout_drop_firstpage_...
l.186 \end{figure}
                   <./graficos/capital_finito/dalembert_numero_unico/frecuencias_multiples_d_f.png> <./graficos/capital_finito/fibonacci_numero_unico/flujo_caja_f_f.png>]
<graficos/capital_finito/fibonacci_numero_unico/frecuencias_multiples_f_f.png, id=153, 613.45184pt x 338.34406pt>
File: graficos/capital_finito/fibonacci_numero_unico/frecuencias_multiples_f_f.png Graphic file (type png)
<use graficos/capital_finito/fibonacci_numero_unico/frecuencias_multiples_f_f.png>
Package pdftex.def Info: graficos/capital_finito/fibonacci_numero_unico/frecuencias_multiples_f_f.png  used on input line 189.
(pdftex.def)             Requested size: 375.80542pt x 207.27238pt.

Underfull \vbox (badness 10000) has occurred while \output is active []

 [6
pdfTeX warning (ext4): destination with the same identifier (name{figure.6}) has been already used, duplicate ignored
<argument> ...shipout:D \box_use:N \l_shipout_box 
                                                  \__shipout_drop_firstpage_...
l.193 
      
pdfTeX warning (ext4): destination with the same identifier (name{figure.7}) has been already used, duplicate ignored
<argument> ...shipout:D \box_use:N \l_shipout_box 
                                                  \__shipout_drop_firstpage_...
l.193 
       <./graficos/capital_finito/fibonacci_numero_unico/corridas_5_f_f.png> <./graficos/capital_finito/fibonacci_numero_unico/frecuencia_relativa_evolucion_f_f.png>]
<graficos/capital_finito/martingala_numero_unico/flujo_caja_m_f.png, id=162, 425.54985pt x 327.74445pt>
File: graficos/capital_finito/martingala_numero_unico/flujo_caja_m_f.png Graphic file (type png)
<use graficos/capital_finito/martingala_numero_unico/flujo_caja_m_f.png>
Package pdftex.def Info: graficos/capital_finito/martingala_numero_unico/flujo_caja_m_f.png  used on input line 199.
(pdftex.def)             Requested size: 375.80542pt x 289.4412pt.
<graficos/capital_finito/martingala_numero_unico/corridas_5_m_f.png, id=163, 627.18315pt x 338.34406pt>
File: graficos/capital_finito/martingala_numero_unico/corridas_5_m_f.png Graphic file (type png)
<use graficos/capital_finito/martingala_numero_unico/corridas_5_m_f.png>
Package pdftex.def Info: graficos/capital_finito/martingala_numero_unico/corridas_5_m_f.png  used on input line 205.
(pdftex.def)             Requested size: 375.80542pt x 202.73953pt.
<graficos/capital_finito/martingala_numero_unico/frecuencia_relativa_evolucion_m_f.png, id=164, 611.28375pt x 338.9463pt>
File: graficos/capital_finito/martingala_numero_unico/frecuencia_relativa_evolucion_m_f.png Graphic file (type png)
<use graficos/capital_finito/martingala_numero_unico/frecuencia_relativa_evolucion_m_f.png>
Package pdftex.def Info: graficos/capital_finito/martingala_numero_unico/frecuencia_relativa_evolucion_m_f.png  used on input line 211.
(pdftex.def)             Requested size: 375.80542pt x 208.37575pt.

Underfull \vbox (badness 10000) has occurred while \output is active []

 [7
pdfTeX warning (ext4): destination with the same identifier (name{figure.8}) has been already used, duplicate ignored
<argument> ...shipout:D \box_use:N \l_shipout_box 
                                                  \__shipout_drop_firstpage_...
l.214 \end{figure}
                  
pdfTeX warning (ext4): destination with the same identifier (name{figure.9}) has been already used, duplicate ignored
<argument> ...shipout:D \box_use:N \l_shipout_box 
                                                  \__shipout_drop_firstpage_...
l.214 \end{figure}
                   <./graficos/capital_finito/fibonacci_numero_unico/frecuencias_multiples_f_f.png> <./graficos/capital_finito/martingala_numero_unico/flujo_caja_m_f.png>]
<graficos/capital_finito/martingala_numero_unico/frecuencias_multiples_m_f.png, id=174, 611.28375pt x 338.34406pt>
File: graficos/capital_finito/martingala_numero_unico/frecuencias_multiples_m_f.png Graphic file (type png)
<use graficos/capital_finito/martingala_numero_unico/frecuencias_multiples_m_f.png>
Package pdftex.def Info: graficos/capital_finito/martingala_numero_unico/frecuencias_multiples_m_f.png  used on input line 217.
(pdftex.def)             Requested size: 375.80542pt x 208.0055pt.

Underfull \vbox (badness 10000) has occurred while \output is active []

 [8
pdfTeX warning (ext4): destination with the same identifier (name{figure.10}) has been already used, duplicate ignored
<argument> ...shipout:D \box_use:N \l_shipout_box 
                                                  \__shipout_drop_firstpage_...
l.221 
      
pdfTeX warning (ext4): destination with the same identifier (name{figure.11}) has been already used, duplicate ignored
<argument> ...shipout:D \box_use:N \l_shipout_box 
                                                  \__shipout_drop_firstpage_...
l.221 
       <./graficos/capital_finito/martingala_numero_unico/corridas_5_m_f.png> <./graficos/capital_finito/martingala_numero_unico/frecuencia_relativa_evolucion_m_f.png>]
<graficos/capital_finito/martingala_invertida_numero_unico/flujo_caja_o_f.png, id=183, 425.54985pt x 327.74445pt>
File: graficos/capital_finito/martingala_invertida_numero_unico/flujo_caja_o_f.png Graphic file (type png)
<use graficos/capital_finito/martingala_invertida_numero_unico/flujo_caja_o_f.png>
Package pdftex.def Info: graficos/capital_finito/martingala_invertida_numero_unico/flujo_caja_o_f.png  used on input line 227.
(pdftex.def)             Requested size: 375.80542pt x 289.4412pt.
<graficos/capital_finito/martingala_invertida_numero_unico/corridas_5_o_f.png, id=184, 627.18315pt x 338.34406pt>
File: graficos/capital_finito/martingala_invertida_numero_unico/corridas_5_o_f.png Graphic file (type png)
<use graficos/capital_finito/martingala_invertida_numero_unico/corridas_5_o_f.png>
Package pdftex.def Info: graficos/capital_finito/martingala_invertida_numero_unico/corridas_5_o_f.png  used on input line 233.
(pdftex.def)             Requested size: 375.80542pt x 202.73953pt.
<graficos/capital_finito/martingala_invertida_numero_unico/frecuencia_relativa_evolucion_o_f.png, id=185, 624.05145pt x 338.9463pt>
File: graficos/capital_finito/martingala_invertida_numero_unico/frecuencia_relativa_evolucion_o_f.png Graphic file (type png)
<use graficos/capital_finito/martingala_invertida_numero_unico/frecuencia_relativa_evolucion_o_f.png>
Package pdftex.def Info: graficos/capital_finito/martingala_invertida_numero_unico/frecuencia_relativa_evolucion_o_f.png  used on input line 239.
(pdftex.def)             Requested size: 375.80542pt x 204.11928pt.

Underfull \vbox (badness 10000) has occurred while \output is active []

 [9
pdfTeX warning (ext4): destination with the same identifier (name{figure.12}) has been already used, duplicate ignored
<argument> ...shipout:D \box_use:N \l_shipout_box 
                                                  \__shipout_drop_firstpage_...
l.242 \end{figure}
                  
pdfTeX warning (ext4): destination with the same identifier (name{figure.13}) has been already used, duplicate ignored
<argument> ...shipout:D \box_use:N \l_shipout_box 
                                                  \__shipout_drop_firstpage_...
l.242 \end{figure}
                   <./graficos/capital_finito/martingala_numero_unico/frecuencias_multiples_m_f.png> <./graficos/capital_finito/martingala_invertida_numero_unico/flujo_caja_o_f.png>]
<graficos/capital_finito/martingala_invertida_numero_unico/frecuencias_multiples_o_f.png, id=194, 617.6676pt x 338.34406pt>
File: graficos/capital_finito/martingala_invertida_numero_unico/frecuencias_multiples_o_f.png Graphic file (type png)
<use graficos/capital_finito/martingala_invertida_numero_unico/frecuencias_multiples_o_f.png>
Package pdftex.def Info: graficos/capital_finito/martingala_invertida_numero_unico/frecuencias_multiples_o_f.png  used on input line 245.
(pdftex.def)             Requested size: 375.80542pt x 205.8578pt.

Underfull \vbox (badness 10000) has occurred while \output is active []

 [10
pdfTeX warning (ext4): destination with the same identifier (name{figure.14}) has been already used, duplicate ignored
<argument> ...shipout:D \box_use:N \l_shipout_box 
                                                  \__shipout_drop_firstpage_...
l.249 
      
pdfTeX warning (ext4): destination with the same identifier (name{figure.15}) has been already used, duplicate ignored
<argument> ...shipout:D \box_use:N \l_shipout_box 
                                                  \__shipout_drop_firstpage_...
l.249 
       <./graficos/capital_finito/martingala_invertida_numero_unico/corridas_5_o_f.png> <./graficos/capital_finito/martingala_invertida_numero_unico/frecuencia_relativa_evolucion_o_f.png>]
<graficos/capital_finito/dalembert_numeros_negros/flujo_caja_d_f.png, id=203, 425.54985pt x 327.74445pt>
File: graficos/capital_finito/dalembert_numeros_negros/flujo_caja_d_f.png Graphic file (type png)
<use graficos/capital_finito/dalembert_numeros_negros/flujo_caja_d_f.png>
Package pdftex.def Info: graficos/capital_finito/dalembert_numeros_negros/flujo_caja_d_f.png  used on input line 258.
(pdftex.def)             Requested size: 375.80542pt x 289.4412pt.
<graficos/capital_finito/dalembert_numeros_negros/corridas_5_d_f.png, id=204, 627.18315pt x 338.34406pt>
File: graficos/capital_finito/dalembert_numeros_negros/corridas_5_d_f.png Graphic file (type png)
<use graficos/capital_finito/dalembert_numeros_negros/corridas_5_d_f.png>
Package pdftex.def Info: graficos/capital_finito/dalembert_numeros_negros/corridas_5_d_f.png  used on input line 264.
(pdftex.def)             Requested size: 375.80542pt x 202.73953pt.
<graficos/capital_finito/dalembert_numeros_negros/frecuencia_relativa_evolucion_d_f.png, id=205, 611.28375pt x 338.9463pt>
File: graficos/capital_finito/dalembert_numeros_negros/frecuencia_relativa_evolucion_d_f.png Graphic file (type png)
<use graficos/capital_finito/dalembert_numeros_negros/frecuencia_relativa_evolucion_d_f.png>
Package pdftex.def Info: graficos/capital_finito/dalembert_numeros_negros/frecuencia_relativa_evolucion_d_f.png  used on input line 270.
(pdftex.def)             Requested size: 375.80542pt x 208.37575pt.

Underfull \vbox (badness 10000) has occurred while \output is active []

 [11
pdfTeX warning (ext4): destination with the same identifier (name{figure.16}) has been already used, duplicate ignored
<argument> ...shipout:D \box_use:N \l_shipout_box 
                                                  \__shipout_drop_firstpage_...
l.273 \end{figure}
                  
pdfTeX warning (ext4): destination with the same identifier (name{figure.17}) has been already used, duplicate ignored
<argument> ...shipout:D \box_use:N \l_shipout_box 
                                                  \__shipout_drop_firstpage_...
l.273 \end{figure}
                   <./graficos/capital_finito/martingala_invertida_numero_unico/frecuencias_multiples_o_f.png> <./graficos/capital_finito/dalembert_numeros_negros/flujo_caja_d_f.png>]
<graficos/capital_finito/dalembert_numeros_negros/frecuencias_multiples_d_f.png, id=214, 611.28375pt x 338.34406pt>
File: graficos/capital_finito/dalembert_numeros_negros/frecuencias_multiples_d_f.png Graphic file (type png)
<use graficos/capital_finito/dalembert_numeros_negros/frecuencias_multiples_d_f.png>
Package pdftex.def Info: graficos/capital_finito/dalembert_numeros_negros/frecuencias_multiples_d_f.png  used on input line 276.
(pdftex.def)             Requested size: 375.80542pt x 208.0055pt.

Underfull \vbox (badness 10000) has occurred while \output is active []

 [12
pdfTeX warning (ext4): destination with the same identifier (name{figure.18}) has been already used, duplicate ignored
<argument> ...shipout:D \box_use:N \l_shipout_box 
                                                  \__shipout_drop_firstpage_...
l.280 
      
pdfTeX warning (ext4): destination with the same identifier (name{figure.19}) has been already used, duplicate ignored
<argument> ...shipout:D \box_use:N \l_shipout_box 
                                                  \__shipout_drop_firstpage_...
l.280 
       <./graficos/capital_finito/dalembert_numeros_negros/corridas_5_d_f.png> <./graficos/capital_finito/dalembert_numeros_negros/frecuencia_relativa_evolucion_d_f.png>]
<graficos/capital_finito/fibonacci_numeros_negros/flujo_caja_f_f.png, id=223, 425.54985pt x 327.74445pt>
File: graficos/capital_finito/fibonacci_numeros_negros/flujo_caja_f_f.png Graphic file (type png)
<use graficos/capital_finito/fibonacci_numeros_negros/flujo_caja_f_f.png>
Package pdftex.def Info: graficos/capital_finito/fibonacci_numeros_negros/flujo_caja_f_f.png  used on input line 285.
(pdftex.def)             Requested size: 375.80542pt x 289.4412pt.
<graficos/capital_finito/fibonacci_numeros_negros/corridas_5_f_f.png, id=224, 627.18315pt x 338.34406pt>
File: graficos/capital_finito/fibonacci_numeros_negros/corridas_5_f_f.png Graphic file (type png)
<use graficos/capital_finito/fibonacci_numeros_negros/corridas_5_f_f.png>
Package pdftex.def Info: graficos/capital_finito/fibonacci_numeros_negros/corridas_5_f_f.png  used on input line 291.
(pdftex.def)             Requested size: 375.80542pt x 202.73953pt.
<graficos/capital_finito/fibonacci_numeros_negros/frecuencia_relativa_evolucion_f_f.png, id=225, 611.28375pt x 338.9463pt>
File: graficos/capital_finito/fibonacci_numeros_negros/frecuencia_relativa_evolucion_f_f.png Graphic file (type png)
<use graficos/capital_finito/fibonacci_numeros_negros/frecuencia_relativa_evolucion_f_f.png>
Package pdftex.def Info: graficos/capital_finito/fibonacci_numeros_negros/frecuencia_relativa_evolucion_f_f.png  used on input line 297.
(pdftex.def)             Requested size: 375.80542pt x 208.37575pt.

Underfull \vbox (badness 10000) has occurred while \output is active []

 [13
pdfTeX warning (ext4): destination with the same identifier (name{figure.20}) has been already used, duplicate ignored
<argument> ...shipout:D \box_use:N \l_shipout_box 
                                                  \__shipout_drop_firstpage_...
l.300 \end{figure}
                  
pdfTeX warning (ext4): destination with the same identifier (name{figure.21}) has been already used, duplicate ignored
<argument> ...shipout:D \box_use:N \l_shipout_box 
                                                  \__shipout_drop_firstpage_...
l.300 \end{figure}
                   <./graficos/capital_finito/dalembert_numeros_negros/frecuencias_multiples_d_f.png> <./graficos/capital_finito/fibonacci_numeros_negros/flujo_caja_f_f.png>]
<graficos/capital_finito/fibonacci_numeros_negros/frecuencias_multiples_f_f.png, id=235, 611.28375pt x 338.34406pt>
File: graficos/capital_finito/fibonacci_numeros_negros/frecuencias_multiples_f_f.png Graphic file (type png)
<use graficos/capital_finito/fibonacci_numeros_negros/frecuencias_multiples_f_f.png>
Package pdftex.def Info: graficos/capital_finito/fibonacci_numeros_negros/frecuencias_multiples_f_f.png  used on input line 303.
(pdftex.def)             Requested size: 375.80542pt x 208.0055pt.

Underfull \vbox (badness 10000) has occurred while \output is active []

 [14
pdfTeX warning (ext4): destination with the same identifier (name{figure.22}) has been already used, duplicate ignored
<argument> ...shipout:D \box_use:N \l_shipout_box 
                                                  \__shipout_drop_firstpage_...
l.307 
      
pdfTeX warning (ext4): destination with the same identifier (name{figure.23}) has been already used, duplicate ignored
<argument> ...shipout:D \box_use:N \l_shipout_box 
                                                  \__shipout_drop_firstpage_...
l.307 
       <./graficos/capital_finito/fibonacci_numeros_negros/corridas_5_f_f.png> <./graficos/capital_finito/fibonacci_numeros_negros/frecuencia_relativa_evolucion_f_f.png>]
<graficos/capital_finito/martingala_numeros_negros/flujo_caja_m_f.png, id=244, 425.54985pt x 327.74445pt>
File: graficos/capital_finito/martingala_numeros_negros/flujo_caja_m_f.png Graphic file (type png)
<use graficos/capital_finito/martingala_numeros_negros/flujo_caja_m_f.png>
Package pdftex.def Info: graficos/capital_finito/martingala_numeros_negros/flujo_caja_m_f.png  used on input line 313.
(pdftex.def)             Requested size: 375.80542pt x 289.4412pt.
<graficos/capital_finito/martingala_numeros_negros/corridas_5_m_f.png, id=245, 627.18315pt x 338.34406pt>
File: graficos/capital_finito/martingala_numeros_negros/corridas_5_m_f.png Graphic file (type png)
<use graficos/capital_finito/martingala_numeros_negros/corridas_5_m_f.png>
Package pdftex.def Info: graficos/capital_finito/martingala_numeros_negros/corridas_5_m_f.png  used on input line 319.
(pdftex.def)             Requested size: 375.80542pt x 202.73953pt.
<graficos/capital_finito/martingala_numeros_negros/frecuencia_relativa_evolucion_m_f.png, id=246, 611.28375pt x 338.9463pt>
File: graficos/capital_finito/martingala_numeros_negros/frecuencia_relativa_evolucion_m_f.png Graphic file (type png)
<use graficos/capital_finito/martingala_numeros_negros/frecuencia_relativa_evolucion_m_f.png>
Package pdftex.def Info: graficos/capital_finito/martingala_numeros_negros/frecuencia_relativa_evolucion_m_f.png  used on input line 325.
(pdftex.def)             Requested size: 375.80542pt x 208.37575pt.

Underfull \vbox (badness 10000) has occurred while \output is active []

 [15
pdfTeX warning (ext4): destination with the same identifier (name{figure.24}) has been already used, duplicate ignored
<argument> ...shipout:D \box_use:N \l_shipout_box 
                                                  \__shipout_drop_firstpage_...
l.328 \end{figure}
                  
pdfTeX warning (ext4): destination with the same identifier (name{figure.25}) has been already used, duplicate ignored
<argument> ...shipout:D \box_use:N \l_shipout_box 
                                                  \__shipout_drop_firstpage_...
l.328 \end{figure}
                   <./graficos/capital_finito/fibonacci_numeros_negros/frecuencias_multiples_f_f.png> <./graficos/capital_finito/martingala_numeros_negros/flujo_caja_m_f.png>]
<graficos/capital_finito/martingala_numeros_negros/frecuencias_multiples_m_f.png, id=255, 611.28375pt x 338.34406pt>
File: graficos/capital_finito/martingala_numeros_negros/frecuencias_multiples_m_f.png Graphic file (type png)
<use graficos/capital_finito/martingala_numeros_negros/frecuencias_multiples_m_f.png>
Package pdftex.def Info: graficos/capital_finito/martingala_numeros_negros/frecuencias_multiples_m_f.png  used on input line 331.
(pdftex.def)             Requested size: 375.80542pt x 208.0055pt.

Underfull \vbox (badness 10000) has occurred while \output is active []

 [16
pdfTeX warning (ext4): destination with the same identifier (name{figure.26}) has been already used, duplicate ignored
<argument> ...shipout:D \box_use:N \l_shipout_box 
                                                  \__shipout_drop_firstpage_...
l.335 
      
pdfTeX warning (ext4): destination with the same identifier (name{figure.27}) has been already used, duplicate ignored
<argument> ...shipout:D \box_use:N \l_shipout_box 
                                                  \__shipout_drop_firstpage_...
l.335 
       <./graficos/capital_finito/martingala_numeros_negros/corridas_5_m_f.png> <./graficos/capital_finito/martingala_numeros_negros/frecuencia_relativa_evolucion_m_f.png>]
<graficos/capital_finito/martingala_invertida_numeros_negros/flujo_caja_o_f.png, id=264, 434.46315pt x 327.74445pt>
File: graficos/capital_finito/martingala_invertida_numeros_negros/flujo_caja_o_f.png Graphic file (type png)
<use graficos/capital_finito/martingala_invertida_numeros_negros/flujo_caja_o_f.png>
Package pdftex.def Info: graficos/capital_finito/martingala_invertida_numeros_negros/flujo_caja_o_f.png  used on input line 341.
(pdftex.def)             Requested size: 375.80542pt x 283.51004pt.
<graficos/capital_finito/martingala_invertida_numeros_negros/corridas_5_o_f.png, id=265, 628.62856pt x 338.34406pt>
File: graficos/capital_finito/martingala_invertida_numeros_negros/corridas_5_o_f.png Graphic file (type png)
<use graficos/capital_finito/martingala_invertida_numeros_negros/corridas_5_o_f.png>
Package pdftex.def Info: graficos/capital_finito/martingala_invertida_numeros_negros/corridas_5_o_f.png  used on input line 347.
(pdftex.def)             Requested size: 375.80542pt x 202.26456pt.
<graficos/capital_finito/martingala_invertida_numeros_negros/frecuencia_relativa_evolucion_o_f.png, id=266, 620.91975pt x 338.9463pt>
File: graficos/capital_finito/martingala_invertida_numeros_negros/frecuencia_relativa_evolucion_o_f.png Graphic file (type png)
<use graficos/capital_finito/martingala_invertida_numeros_negros/frecuencia_relativa_evolucion_o_f.png>
Package pdftex.def Info: graficos/capital_finito/martingala_invertida_numeros_negros/frecuencia_relativa_evolucion_o_f.png  used on input line 353.
(pdftex.def)             Requested size: 375.80542pt x 205.14331pt.

Underfull \vbox (badness 10000) has occurred while \output is active []

 [17
pdfTeX warning (ext4): destination with the same identifier (name{figure.28}) has been already used, duplicate ignored
<argument> ...shipout:D \box_use:N \l_shipout_box 
                                                  \__shipout_drop_firstpage_...
l.356 \end{figure}
                  
pdfTeX warning (ext4): destination with the same identifier (name{figure.29}) has been already used, duplicate ignored
<argument> ...shipout:D \box_use:N \l_shipout_box 
                                                  \__shipout_drop_firstpage_...
l.356 \end{figure}
                   <./graficos/capital_finito/martingala_numeros_negros/frecuencias_multiples_m_f.png> <./graficos/capital_finito/martingala_invertida_numeros_negros/flujo_caja_o_f.png>]
<graficos/capital_finito/martingala_invertida_numeros_negros/frecuencias_multiples_o_f.png, id=275, 612.97005pt x 338.34406pt>
File: graficos/capital_finito/martingala_invertida_numeros_negros/frecuencias_multiples_o_f.png Graphic file (type png)
<use graficos/capital_finito/martingala_invertida_numeros_negros/frecuencias_multiples_o_f.png>
Package pdftex.def Info: graficos/capital_finito/martingala_invertida_numeros_negros/frecuencias_multiples_o_f.png  used on input line 359.
(pdftex.def)             Requested size: 375.80542pt x 207.44275pt.

Underfull \vbox (badness 10000) has occurred while \output is active []

 [18
pdfTeX warning (ext4): destination with the same identifier (name{figure.30}) has been already used, duplicate ignored
<argument> ...shipout:D \box_use:N \l_shipout_box 
                                                  \__shipout_drop_firstpage_...
l.363 
      
pdfTeX warning (ext4): destination with the same identifier (name{figure.31}) has been already used, duplicate ignored
<argument> ...shipout:D \box_use:N \l_shipout_box 
                                                  \__shipout_drop_firstpage_...
l.363 
       <./graficos/capital_finito/martingala_invertida_numeros_negros/corridas_5_o_f.png> <./graficos/capital_finito/martingala_invertida_numeros_negros/frecuencia_relativa_evolucion_o_f.png>]
<graficos/capital_infinito/dalembert_numero_unico/flujo_caja_d_i.png, id=284, 408.44595pt x 327.74445pt>
File: graficos/capital_infinito/dalembert_numero_unico/flujo_caja_d_i.png Graphic file (type png)
<use graficos/capital_infinito/dalembert_numero_unico/flujo_caja_d_i.png>
Package pdftex.def Info: graficos/capital_infinito/dalembert_numero_unico/flujo_caja_d_i.png  used on input line 376.
(pdftex.def)             Requested size: 375.80542pt x 301.55855pt.
<graficos/capital_infinito/dalembert_numero_unico/corridas_5_d_i.png, id=285, 610.07925pt x 338.34406pt>
File: graficos/capital_infinito/dalembert_numero_unico/corridas_5_d_i.png Graphic file (type png)
<use graficos/capital_infinito/dalembert_numero_unico/corridas_5_d_i.png>
Package pdftex.def Info: graficos/capital_infinito/dalembert_numero_unico/corridas_5_d_i.png  used on input line 382.
(pdftex.def)             Requested size: 375.80542pt x 208.4185pt.
<graficos/capital_infinito/dalembert_numero_unico/frecuencia_relativa_evolucion_d_i.png, id=286, 624.05145pt x 338.9463pt>
File: graficos/capital_infinito/dalembert_numero_unico/frecuencia_relativa_evolucion_d_i.png Graphic file (type png)
<use graficos/capital_infinito/dalembert_numero_unico/frecuencia_relativa_evolucion_d_i.png>
Package pdftex.def Info: graficos/capital_infinito/dalembert_numero_unico/frecuencia_relativa_evolucion_d_i.png  used on input line 388.
(pdftex.def)             Requested size: 375.80542pt x 204.11928pt.
 [19
pdfTeX warning (ext4): destination with the same identifier (name{figure.32}) has been already used, duplicate ignored
<argument> ...shipout:D \box_use:N \l_shipout_box 
                                                  \__shipout_drop_firstpage_...
l.391 \end{figure}
                  
pdfTeX warning (ext4): destination with the same identifier (name{figure.33}) has been already used, duplicate ignored
<argument> ...shipout:D \box_use:N \l_shipout_box 
                                                  \__shipout_drop_firstpage_...
l.391 \end{figure}
                   <./graficos/capital_finito/martingala_invertida_numeros_negros/frecuencias_multiples_o_f.png> <./graficos/capital_infinito/dalembert_numero_unico/flujo_caja_d_i.png>]
<graficos/capital_infinito/dalembert_numero_unico/frecuencias_multiples_d_i.png, id=296, 617.6676pt x 338.34406pt>
File: graficos/capital_infinito/dalembert_numero_unico/frecuencias_multiples_d_i.png Graphic file (type png)
<use graficos/capital_infinito/dalembert_numero_unico/frecuencias_multiples_d_i.png>
Package pdftex.def Info: graficos/capital_infinito/dalembert_numero_unico/frecuencias_multiples_d_i.png  used on input line 394.
(pdftex.def)             Requested size: 375.80542pt x 205.8578pt.

Underfull \vbox (badness 10000) has occurred while \output is active []

 [20
pdfTeX warning (ext4): destination with the same identifier (name{figure.34}) has been already used, duplicate ignored
<argument> ...shipout:D \box_use:N \l_shipout_box 
                                                  \__shipout_drop_firstpage_...
l.398 
      
pdfTeX warning (ext4): destination with the same identifier (name{figure.35}) has been already used, duplicate ignored
<argument> ...shipout:D \box_use:N \l_shipout_box 
                                                  \__shipout_drop_firstpage_...
l.398 
       <./graficos/capital_infinito/dalembert_numero_unico/corridas_5_d_i.png> <./graficos/capital_infinito/dalembert_numero_unico/frecuencia_relativa_evolucion_d_i.png>]
<graficos/capital_infinito/fibonacci_numero_unico/flujo_caja_f_i.png, id=305, 408.44595pt x 327.74445pt>
File: graficos/capital_infinito/fibonacci_numero_unico/flujo_caja_f_i.png Graphic file (type png)
<use graficos/capital_infinito/fibonacci_numero_unico/flujo_caja_f_i.png>
Package pdftex.def Info: graficos/capital_infinito/fibonacci_numero_unico/flujo_caja_f_i.png  used on input line 403.
(pdftex.def)             Requested size: 375.80542pt x 301.55855pt.
<graficos/capital_infinito/fibonacci_numero_unico/corridas_5_f_i.png, id=306, 610.07925pt x 338.34406pt>
File: graficos/capital_infinito/fibonacci_numero_unico/corridas_5_f_i.png Graphic file (type png)
<use graficos/capital_infinito/fibonacci_numero_unico/corridas_5_f_i.png>
Package pdftex.def Info: graficos/capital_infinito/fibonacci_numero_unico/corridas_5_f_i.png  used on input line 409.
(pdftex.def)             Requested size: 375.80542pt x 208.4185pt.
<graficos/capital_infinito/fibonacci_numero_unico/frecuencia_relativa_evolucion_f_i.png, id=307, 624.05145pt x 338.9463pt>
File: graficos/capital_infinito/fibonacci_numero_unico/frecuencia_relativa_evolucion_f_i.png Graphic file (type png)
<use graficos/capital_infinito/fibonacci_numero_unico/frecuencia_relativa_evolucion_f_i.png>
Package pdftex.def Info: graficos/capital_infinito/fibonacci_numero_unico/frecuencia_relativa_evolucion_f_i.png  used on input line 415.
(pdftex.def)             Requested size: 375.80542pt x 204.11928pt.

Underfull \vbox (badness 10000) has occurred while \output is active []

 [21
pdfTeX warning (ext4): destination with the same identifier (name{figure.36}) has been already used, duplicate ignored
<argument> ...shipout:D \box_use:N \l_shipout_box 
                                                  \__shipout_drop_firstpage_...
l.418 \end{figure}
                  
pdfTeX warning (ext4): destination with the same identifier (name{figure.37}) has been already used, duplicate ignored
<argument> ...shipout:D \box_use:N \l_shipout_box 
                                                  \__shipout_drop_firstpage_...
l.418 \end{figure}
                   <./graficos/capital_infinito/dalembert_numero_unico/frecuencias_multiples_d_i.png> <./graficos/capital_infinito/fibonacci_numero_unico/flujo_caja_f_i.png>]
<graficos/capital_infinito/fibonacci_numero_unico/frecuencias_multiples_f_i.png, id=316, 617.6676pt x 338.34406pt>
File: graficos/capital_infinito/fibonacci_numero_unico/frecuencias_multiples_f_i.png Graphic file (type png)
<use graficos/capital_infinito/fibonacci_numero_unico/frecuencias_multiples_f_i.png>
Package pdftex.def Info: graficos/capital_infinito/fibonacci_numero_unico/frecuencias_multiples_f_i.png  used on input line 421.
(pdftex.def)             Requested size: 375.80542pt x 205.8578pt.

Underfull \vbox (badness 10000) has occurred while \output is active []

 [22
pdfTeX warning (ext4): destination with the same identifier (name{figure.38}) has been already used, duplicate ignored
<argument> ...shipout:D \box_use:N \l_shipout_box 
                                                  \__shipout_drop_firstpage_...
l.425 
      
pdfTeX warning (ext4): destination with the same identifier (name{figure.39}) has been already used, duplicate ignored
<argument> ...shipout:D \box_use:N \l_shipout_box 
                                                  \__shipout_drop_firstpage_...
l.425 
       <./graficos/capital_infinito/fibonacci_numero_unico/corridas_5_f_i.png> <./graficos/capital_infinito/fibonacci_numero_unico/frecuencia_relativa_evolucion_f_i.png>]
<graficos/capital_infinito/martingala_numero_unico/flujo_caja_m_i.png, id=325, 408.44595pt x 327.74445pt>
File: graficos/capital_infinito/martingala_numero_unico/flujo_caja_m_i.png Graphic file (type png)
<use graficos/capital_infinito/martingala_numero_unico/flujo_caja_m_i.png>
Package pdftex.def Info: graficos/capital_infinito/martingala_numero_unico/flujo_caja_m_i.png  used on input line 431.
(pdftex.def)             Requested size: 375.80542pt x 301.55855pt.
<graficos/capital_infinito/martingala_numero_unico/corridas_5_m_i.png, id=326, 610.07925pt x 338.34406pt>
File: graficos/capital_infinito/martingala_numero_unico/corridas_5_m_i.png Graphic file (type png)
<use graficos/capital_infinito/martingala_numero_unico/corridas_5_m_i.png>
Package pdftex.def Info: graficos/capital_infinito/martingala_numero_unico/corridas_5_m_i.png  used on input line 437.
(pdftex.def)             Requested size: 375.80542pt x 208.4185pt.
<graficos/capital_infinito/martingala_numero_unico/frecuencia_relativa_evolucion_m_i.png, id=327, 624.05145pt x 338.9463pt>
File: graficos/capital_infinito/martingala_numero_unico/frecuencia_relativa_evolucion_m_i.png Graphic file (type png)
<use graficos/capital_infinito/martingala_numero_unico/frecuencia_relativa_evolucion_m_i.png>
Package pdftex.def Info: graficos/capital_infinito/martingala_numero_unico/frecuencia_relativa_evolucion_m_i.png  used on input line 443.
(pdftex.def)             Requested size: 375.80542pt x 204.11928pt.

Underfull \vbox (badness 10000) has occurred while \output is active []

 [23
pdfTeX warning (ext4): destination with the same identifier (name{figure.40}) has been already used, duplicate ignored
<argument> ...shipout:D \box_use:N \l_shipout_box 
                                                  \__shipout_drop_firstpage_...
l.446 \end{figure}
                  
pdfTeX warning (ext4): destination with the same identifier (name{figure.41}) has been already used, duplicate ignored
<argument> ...shipout:D \box_use:N \l_shipout_box 
                                                  \__shipout_drop_firstpage_...
l.446 \end{figure}
                   <./graficos/capital_infinito/fibonacci_numero_unico/frecuencias_multiples_f_i.png> <./graficos/capital_infinito/martingala_numero_unico/flujo_caja_m_i.png>]
<graficos/capital_infinito/martingala_numero_unico/frecuencias_multiples_m_i.png, id=336, 617.6676pt x 338.34406pt>
File: graficos/capital_infinito/martingala_numero_unico/frecuencias_multiples_m_i.png Graphic file (type png)
<use graficos/capital_infinito/martingala_numero_unico/frecuencias_multiples_m_i.png>
Package pdftex.def Info: graficos/capital_infinito/martingala_numero_unico/frecuencias_multiples_m_i.png  used on input line 449.
(pdftex.def)             Requested size: 375.80542pt x 205.8578pt.

Underfull \vbox (badness 10000) has occurred while \output is active []

 [24
pdfTeX warning (ext4): destination with the same identifier (name{figure.42}) has been already used, duplicate ignored
<argument> ...shipout:D \box_use:N \l_shipout_box 
                                                  \__shipout_drop_firstpage_...
l.453 
      
pdfTeX warning (ext4): destination with the same identifier (name{figure.43}) has been already used, duplicate ignored
<argument> ...shipout:D \box_use:N \l_shipout_box 
                                                  \__shipout_drop_firstpage_...
l.453 
       <./graficos/capital_infinito/martingala_numero_unico/corridas_5_m_i.png> <./graficos/capital_infinito/martingala_numero_unico/frecuencia_relativa_evolucion_m_i.png>]
<graficos/capital_infinito/martingala_invertida_numero_unico/flujo_caja_o_i.png, id=345, 425.54985pt x 327.74445pt>
File: graficos/capital_infinito/martingala_invertida_numero_unico/flujo_caja_o_i.png Graphic file (type png)
<use graficos/capital_infinito/martingala_invertida_numero_unico/flujo_caja_o_i.png>
Package pdftex.def Info: graficos/capital_infinito/martingala_invertida_numero_unico/flujo_caja_o_i.png  used on input line 459.
(pdftex.def)             Requested size: 375.80542pt x 289.4412pt.
<graficos/capital_infinito/martingala_invertida_numero_unico/corridas_5_o_i.png, id=346, 635.61465pt x 338.34406pt>
File: graficos/capital_infinito/martingala_invertida_numero_unico/corridas_5_o_i.png Graphic file (type png)
<use graficos/capital_infinito/martingala_invertida_numero_unico/corridas_5_o_i.png>
Package pdftex.def Info: graficos/capital_infinito/martingala_invertida_numero_unico/corridas_5_o_i.png  used on input line 465.
(pdftex.def)             Requested size: 375.80542pt x 200.04976pt.
<graficos/capital_infinito/martingala_invertida_numero_unico/frecuencia_relativa_evolucion_o_i.png, id=347, 624.05145pt x 338.9463pt>
File: graficos/capital_infinito/martingala_invertida_numero_unico/frecuencia_relativa_evolucion_o_i.png Graphic file (type png)
<use graficos/capital_infinito/martingala_invertida_numero_unico/frecuencia_relativa_evolucion_o_i.png>
Package pdftex.def Info: graficos/capital_infinito/martingala_invertida_numero_unico/frecuencia_relativa_evolucion_o_i.png  used on input line 471.
(pdftex.def)             Requested size: 375.80542pt x 204.11928pt.

Underfull \vbox (badness 10000) has occurred while \output is active []

 [25
pdfTeX warning (ext4): destination with the same identifier (name{figure.44}) has been already used, duplicate ignored
<argument> ...shipout:D \box_use:N \l_shipout_box 
                                                  \__shipout_drop_firstpage_...
l.474 \end{figure}
                  
pdfTeX warning (ext4): destination with the same identifier (name{figure.45}) has been already used, duplicate ignored
<argument> ...shipout:D \box_use:N \l_shipout_box 
                                                  \__shipout_drop_firstpage_...
l.474 \end{figure}
                   <./graficos/capital_infinito/martingala_numero_unico/frecuencias_multiples_m_i.png> <./graficos/capital_infinito/martingala_invertida_numero_unico/flujo_caja_o_i.png>]
<graficos/capital_infinito/martingala_invertida_numero_unico/frecuencias_multiples_o_i.png, id=357, 617.6676pt x 338.34406pt>
File: graficos/capital_infinito/martingala_invertida_numero_unico/frecuencias_multiples_o_i.png Graphic file (type png)
<use graficos/capital_infinito/martingala_invertida_numero_unico/frecuencias_multiples_o_i.png>
Package pdftex.def Info: graficos/capital_infinito/martingala_invertida_numero_unico/frecuencias_multiples_o_i.png  used on input line 477.
(pdftex.def)             Requested size: 375.80542pt x 205.8578pt.

Underfull \vbox (badness 10000) has occurred while \output is active []

 [26
pdfTeX warning (ext4): destination with the same identifier (name{figure.46}) has been already used, duplicate ignored
<argument> ...shipout:D \box_use:N \l_shipout_box 
                                                  \__shipout_drop_firstpage_...
l.481 
      
pdfTeX warning (ext4): destination with the same identifier (name{figure.47}) has been already used, duplicate ignored
<argument> ...shipout:D \box_use:N \l_shipout_box 
                                                  \__shipout_drop_firstpage_...
l.481 
       <./graficos/capital_infinito/martingala_invertida_numero_unico/corridas_5_o_i.png> <./graficos/capital_infinito/martingala_invertida_numero_unico/frecuencia_relativa_evolucion_o_i.png>]
<graficos/capital_infinito/dalembert_numeros_negros/flujo_caja_d_i.png, id=366, 440.3652pt x 327.74445pt>
File: graficos/capital_infinito/dalembert_numeros_negros/flujo_caja_d_i.png Graphic file (type png)
<use graficos/capital_infinito/dalembert_numeros_negros/flujo_caja_d_i.png>
Package pdftex.def Info: graficos/capital_infinito/dalembert_numeros_negros/flujo_caja_d_i.png  used on input line 490.
(pdftex.def)             Requested size: 375.80542pt x 279.7043pt.
<graficos/capital_infinito/dalembert_numeros_negros/corridas_5_d_i.png, id=367, 619.71526pt x 338.34406pt>
File: graficos/capital_infinito/dalembert_numeros_negros/corridas_5_d_i.png Graphic file (type png)
<use graficos/capital_infinito/dalembert_numeros_negros/corridas_5_d_i.png>
Package pdftex.def Info: graficos/capital_infinito/dalembert_numeros_negros/corridas_5_d_i.png  used on input line 496.
(pdftex.def)             Requested size: 375.80542pt x 205.18149pt.
<graficos/capital_infinito/dalembert_numeros_negros/frecuencia_relativa_evolucion_d_i.png, id=368, 611.28375pt x 338.9463pt>
File: graficos/capital_infinito/dalembert_numeros_negros/frecuencia_relativa_evolucion_d_i.png Graphic file (type png)
<use graficos/capital_infinito/dalembert_numeros_negros/frecuencia_relativa_evolucion_d_i.png>
Package pdftex.def Info: graficos/capital_infinito/dalembert_numeros_negros/frecuencia_relativa_evolucion_d_i.png  used on input line 502.
(pdftex.def)             Requested size: 375.80542pt x 208.37575pt.

Underfull \vbox (badness 10000) has occurred while \output is active []

 [27
pdfTeX warning (ext4): destination with the same identifier (name{figure.48}) has been already used, duplicate ignored
<argument> ...shipout:D \box_use:N \l_shipout_box 
                                                  \__shipout_drop_firstpage_...
l.505 \end{figure}
                  
pdfTeX warning (ext4): destination with the same identifier (name{figure.49}) has been already used, duplicate ignored
<argument> ...shipout:D \box_use:N \l_shipout_box 
                                                  \__shipout_drop_firstpage_...
l.505 \end{figure}
                   <./graficos/capital_infinito/martingala_invertida_numero_unico/frecuencias_multiples_o_i.png> <./graficos/capital_infinito/dalembert_numeros_negros/flujo_caja_d_i.png>]
<graficos/capital_infinito/dalembert_numeros_negros/frecuencias_multiples_d_i.png, id=377, 611.28375pt x 338.34406pt>
File: graficos/capital_infinito/dalembert_numeros_negros/frecuencias_multiples_d_i.png Graphic file (type png)
<use graficos/capital_infinito/dalembert_numeros_negros/frecuencias_multiples_d_i.png>
Package pdftex.def Info: graficos/capital_infinito/dalembert_numeros_negros/frecuencias_multiples_d_i.png  used on input line 508.
(pdftex.def)             Requested size: 375.80542pt x 208.0055pt.

Underfull \vbox (badness 10000) has occurred while \output is active []

 [28
pdfTeX warning (ext4): destination with the same identifier (name{figure.50}) has been already used, duplicate ignored
<argument> ...shipout:D \box_use:N \l_shipout_box 
                                                  \__shipout_drop_firstpage_...
l.512 
      
pdfTeX warning (ext4): destination with the same identifier (name{figure.51}) has been already used, duplicate ignored
<argument> ...shipout:D \box_use:N \l_shipout_box 
                                                  \__shipout_drop_firstpage_...
l.512 
       <./graficos/capital_infinito/dalembert_numeros_negros/corridas_5_d_i.png> <./graficos/capital_infinito/dalembert_numeros_negros/frecuencia_relativa_evolucion_d_i.png>]
<graficos/capital_infinito/fibonacci_numeros_negros/flujo_caja_f_i.png, id=386, 427.5975pt x 327.74445pt>
File: graficos/capital_infinito/fibonacci_numeros_negros/flujo_caja_f_i.png Graphic file (type png)
<use graficos/capital_infinito/fibonacci_numeros_negros/flujo_caja_f_i.png>
Package pdftex.def Info: graficos/capital_infinito/fibonacci_numeros_negros/flujo_caja_f_i.png  used on input line 517.
(pdftex.def)             Requested size: 375.80542pt x 288.04593pt.
<graficos/capital_infinito/fibonacci_numeros_negros/corridas_5_f_i.png, id=387, 635.61465pt x 338.34406pt>
File: graficos/capital_infinito/fibonacci_numeros_negros/corridas_5_f_i.png Graphic file (type png)
<use graficos/capital_infinito/fibonacci_numeros_negros/corridas_5_f_i.png>
Package pdftex.def Info: graficos/capital_infinito/fibonacci_numeros_negros/corridas_5_f_i.png  used on input line 523.
(pdftex.def)             Requested size: 375.80542pt x 200.04976pt.
<graficos/capital_infinito/fibonacci_numeros_negros/frecuencia_relativa_evolucion_f_i.png, id=388, 611.28375pt x 338.9463pt>
File: graficos/capital_infinito/fibonacci_numeros_negros/frecuencia_relativa_evolucion_f_i.png Graphic file (type png)
<use graficos/capital_infinito/fibonacci_numeros_negros/frecuencia_relativa_evolucion_f_i.png>
Package pdftex.def Info: graficos/capital_infinito/fibonacci_numeros_negros/frecuencia_relativa_evolucion_f_i.png  used on input line 529.
(pdftex.def)             Requested size: 375.80542pt x 208.37575pt.

Underfull \vbox (badness 10000) has occurred while \output is active []

 [29
pdfTeX warning (ext4): destination with the same identifier (name{figure.52}) has been already used, duplicate ignored
<argument> ...shipout:D \box_use:N \l_shipout_box 
                                                  \__shipout_drop_firstpage_...
l.532 \end{figure}
                  
pdfTeX warning (ext4): destination with the same identifier (name{figure.53}) has been already used, duplicate ignored
<argument> ...shipout:D \box_use:N \l_shipout_box 
                                                  \__shipout_drop_firstpage_...
l.532 \end{figure}
                   <./graficos/capital_infinito/dalembert_numeros_negros/frecuencias_multiples_d_i.png> <./graficos/capital_infinito/fibonacci_numeros_negros/flujo_caja_f_i.png>]
<graficos/capital_infinito/fibonacci_numeros_negros/frecuencias_multiples_f_i.png, id=397, 611.28375pt x 338.34406pt>
File: graficos/capital_infinito/fibonacci_numeros_negros/frecuencias_multiples_f_i.png Graphic file (type png)
<use graficos/capital_infinito/fibonacci_numeros_negros/frecuencias_multiples_f_i.png>
Package pdftex.def Info: graficos/capital_infinito/fibonacci_numeros_negros/frecuencias_multiples_f_i.png  used on input line 535.
(pdftex.def)             Requested size: 375.80542pt x 208.0055pt.

Underfull \vbox (badness 10000) has occurred while \output is active []

 [30
pdfTeX warning (ext4): destination with the same identifier (name{figure.54}) has been already used, duplicate ignored
<argument> ...shipout:D \box_use:N \l_shipout_box 
                                                  \__shipout_drop_firstpage_...
l.539 
      
pdfTeX warning (ext4): destination with the same identifier (name{figure.55}) has been already used, duplicate ignored
<argument> ...shipout:D \box_use:N \l_shipout_box 
                                                  \__shipout_drop_firstpage_...
l.539 
       <./graficos/capital_infinito/fibonacci_numeros_negros/corridas_5_f_i.png> <./graficos/capital_infinito/fibonacci_numeros_negros/frecuencia_relativa_evolucion_f_i.png>]
<graficos/capital_infinito/martingala_numeros_negros/flujo_caja_m_i.png, id=406, 440.3652pt x 327.74445pt>
File: graficos/capital_infinito/martingala_numeros_negros/flujo_caja_m_i.png Graphic file (type png)
<use graficos/capital_infinito/martingala_numeros_negros/flujo_caja_m_i.png>
Package pdftex.def Info: graficos/capital_infinito/martingala_numeros_negros/flujo_caja_m_i.png  used on input line 545.
(pdftex.def)             Requested size: 375.80542pt x 279.7043pt.
<graficos/capital_infinito/martingala_numeros_negros/corridas_5_m_i.png, id=407, 610.07925pt x 338.34406pt>
File: graficos/capital_infinito/martingala_numeros_negros/corridas_5_m_i.png Graphic file (type png)
<use graficos/capital_infinito/martingala_numeros_negros/corridas_5_m_i.png>
Package pdftex.def Info: graficos/capital_infinito/martingala_numeros_negros/corridas_5_m_i.png  used on input line 551.
(pdftex.def)             Requested size: 375.80542pt x 208.4185pt.
<graficos/capital_infinito/martingala_numeros_negros/frecuencia_relativa_evolucion_m_i.png, id=408, 611.28375pt x 338.9463pt>
File: graficos/capital_infinito/martingala_numeros_negros/frecuencia_relativa_evolucion_m_i.png Graphic file (type png)
<use graficos/capital_infinito/martingala_numeros_negros/frecuencia_relativa_evolucion_m_i.png>
Package pdftex.def Info: graficos/capital_infinito/martingala_numeros_negros/frecuencia_relativa_evolucion_m_i.png  used on input line 557.
(pdftex.def)             Requested size: 375.80542pt x 208.37575pt.

Underfull \vbox (badness 10000) has occurred while \output is active []

 [31
pdfTeX warning (ext4): destination with the same identifier (name{figure.56}) has been already used, duplicate ignored
<argument> ...shipout:D \box_use:N \l_shipout_box 
                                                  \__shipout_drop_firstpage_...
l.560 \end{figure}
                  
pdfTeX warning (ext4): destination with the same identifier (name{figure.57}) has been already used, duplicate ignored
<argument> ...shipout:D \box_use:N \l_shipout_box 
                                                  \__shipout_drop_firstpage_...
l.560 \end{figure}
                   <./graficos/capital_infinito/fibonacci_numeros_negros/frecuencias_multiples_f_i.png> <./graficos/capital_infinito/martingala_numeros_negros/flujo_caja_m_i.png>]
<graficos/capital_infinito/martingala_numeros_negros/frecuencias_multiples_m_i.png, id=418, 611.28375pt x 338.34406pt>
File: graficos/capital_infinito/martingala_numeros_negros/frecuencias_multiples_m_i.png Graphic file (type png)
<use graficos/capital_infinito/martingala_numeros_negros/frecuencias_multiples_m_i.png>
Package pdftex.def Info: graficos/capital_infinito/martingala_numeros_negros/frecuencias_multiples_m_i.png  used on input line 563.
(pdftex.def)             Requested size: 375.80542pt x 208.0055pt.

Underfull \vbox (badness 10000) has occurred while \output is active []

 [32
pdfTeX warning (ext4): destination with the same identifier (name{figure.58}) has been already used, duplicate ignored
<argument> ...shipout:D \box_use:N \l_shipout_box 
                                                  \__shipout_drop_firstpage_...
l.567 
      
pdfTeX warning (ext4): destination with the same identifier (name{figure.59}) has been already used, duplicate ignored
<argument> ...shipout:D \box_use:N \l_shipout_box 
                                                  \__shipout_drop_firstpage_...
l.567 
       <./graficos/capital_infinito/martingala_numeros_negros/corridas_5_m_i.png> <./graficos/capital_infinito/martingala_numeros_negros/frecuencia_relativa_evolucion_m_i.png>]
<graficos/capital_infinito/martingala_invertida_numeros_negros/flujo_caja_o_i.png, id=427, 433.98135pt x 327.74445pt>
File: graficos/capital_infinito/martingala_invertida_numeros_negros/flujo_caja_o_i.png Graphic file (type png)
<use graficos/capital_infinito/martingala_invertida_numeros_negros/flujo_caja_o_i.png>
Package pdftex.def Info: graficos/capital_infinito/martingala_invertida_numeros_negros/flujo_caja_o_i.png  used on input line 573.
(pdftex.def)             Requested size: 375.80542pt x 283.8151pt.
<graficos/capital_infinito/martingala_invertida_numeros_negros/corridas_5_o_i.png, id=428, 635.61465pt x 338.34406pt>
File: graficos/capital_infinito/martingala_invertida_numeros_negros/corridas_5_o_i.png Graphic file (type png)
<use graficos/capital_infinito/martingala_invertida_numeros_negros/corridas_5_o_i.png>
Package pdftex.def Info: graficos/capital_infinito/martingala_invertida_numeros_negros/corridas_5_o_i.png  used on input line 579.
(pdftex.def)             Requested size: 375.80542pt x 200.04976pt.
<graficos/capital_infinito/martingala_invertida_numeros_negros/frecuencia_relativa_evolucion_o_i.png, id=429, 611.28375pt x 338.9463pt>
File: graficos/capital_infinito/martingala_invertida_numeros_negros/frecuencia_relativa_evolucion_o_i.png Graphic file (type png)
<use graficos/capital_infinito/martingala_invertida_numeros_negros/frecuencia_relativa_evolucion_o_i.png>
Package pdftex.def Info: graficos/capital_infinito/martingala_invertida_numeros_negros/frecuencia_relativa_evolucion_o_i.png  used on input line 585.
(pdftex.def)             Requested size: 375.80542pt x 208.37575pt.

Underfull \vbox (badness 10000) has occurred while \output is active []

 [33
pdfTeX warning (ext4): destination with the same identifier (name{figure.60}) has been already used, duplicate ignored
<argument> ...shipout:D \box_use:N \l_shipout_box 
                                                  \__shipout_drop_firstpage_...
l.588 \end{figure}
                  
pdfTeX warning (ext4): destination with the same identifier (name{figure.61}) has been already used, duplicate ignored
<argument> ...shipout:D \box_use:N \l_shipout_box 
                                                  \__shipout_drop_firstpage_...
l.588 \end{figure}
                   <./graficos/capital_infinito/martingala_numeros_negros/frecuencias_multiples_m_i.png> <./graficos/capital_infinito/martingala_invertida_numeros_negros/flujo_caja_o_i.png>]
<graficos/capital_infinito/martingala_invertida_numeros_negros/frecuencias_multiples_o_i.png, id=438, 611.28375pt x 338.34406pt>
File: graficos/capital_infinito/martingala_invertida_numeros_negros/frecuencias_multiples_o_i.png Graphic file (type png)
<use graficos/capital_infinito/martingala_invertida_numeros_negros/frecuencias_multiples_o_i.png>
Package pdftex.def Info: graficos/capital_infinito/martingala_invertida_numeros_negros/frecuencias_multiples_o_i.png  used on input line 591.
(pdftex.def)             Requested size: 375.80542pt x 208.0055pt.

Underfull \vbox (badness 10000) has occurred while \output is active []

 [34
pdfTeX warning (ext4): destination with the same identifier (name{figure.62}) has been already used, duplicate ignored
<argument> ...shipout:D \box_use:N \l_shipout_box 
                                                  \__shipout_drop_firstpage_...
l.595 
      
pdfTeX warning (ext4): destination with the same identifier (name{figure.63}) has been already used, duplicate ignored
<argument> ...shipout:D \box_use:N \l_shipout_box 
                                                  \__shipout_drop_firstpage_...
l.595 
       <./graficos/capital_infinito/martingala_invertida_numeros_negros/corridas_5_o_i.png> <./graficos/capital_infinito/martingala_invertida_numeros_negros/frecuencia_relativa_evolucion_o_i.png>]
Underfull \hbox (badness 10000) in paragraph at lines 637--638

 []

[35
pdfTeX warning (ext4): destination with the same identifier (name{figure.64}) has been already used, duplicate ignored
<argument> ...shipout:D \box_use:N \l_shipout_box 
                                                  \__shipout_drop_firstpage_...
l.649 \end{document}
                     <./graficos/capital_infinito/martingala_invertida_numeros_negros/frecuencias_multiples_o_i.png>] (main.aux
LaTeX Info: Redefining \. on input line 11.
LaTeX Info: Redefining \% on input line 11.
)
 ***********
LaTeX2e <2025-11-01>
L3 programming layer <2026-03-20>
 ***********
Package rerunfilecheck Info: File `main.out' has not changed.
(rerunfilecheck)             Checksum: 3D9F527DA80BCDBD2CA2894E413E5F3B;5855.
 ) 
Here is how much of TeX's memory you used:
 14620 strings out of 467691
 271692 string characters out of 5414987
 782580 words of memory out of 5000000
 43227 multiletter control sequences out of 15000+600000
 665555 words of font info for 148 fonts, out of 8000000 for 9000
 1141 hyphenation exceptions out of 8191
 75i,11n,79p,1113b,502s stack positions out of 10000i,1000n,20000p,200000b,200000s
 <C:\Users\lucia\AppData\Local\MiKTeX\fonts/pk/ljfour/jknappen/ec/dpi600\ectt1000.pk><C:/Users/lucia/AppData/Local/Programs/MiKTeX/fonts/type1/urw/times/utmb8a.pfb><C:/Users/lucia/AppData/Local/Programs/MiKTeX/fonts/type1/urw/times/utmr8a.pfb>
Output written on main.pdf (35 pages, 21082298 bytes).
PDF statistics:
 540 PDF objects out of 1000 (max. 8388607)
 132 named destinations out of 1000 (max. 500000)
 37401 words of extra memory for PDF output out of 42996 (max. 10000000)

