\BOOKMARK [1][-]{section.1}{\376\377\000I\000n\000t\000r\000o\000d\000u\000c\000c\000i\000\363\000n}{}% 1
\BOOKMARK [1][-]{section.2}{\376\377\000M\000e\000t\000o\000d\000o\000l\000o\000g\000\355\000a}{}% 2
\BOOKMARK [1][-]{section.3}{\376\377\000E\000s\000t\000r\000a\000t\000e\000g\000i\000a\000s}{}% 3
\BOOKMARK [2][-]{subsection.3.1}{\376\377\000M\000a\000r\000t\000i\000n\000g\000a\000l\000a}{section.3}% 4
\BOOKMARK [2][-]{subsection.3.2}{\376\377\000M\000a\000r\000t\000i\000n\000g\000a\000l\000a\000\040\000I\000n\000v\000e\000r\000s\000a\000\040\000o\000\040\000A\000n\000t\000i\000m\000a\000r\000t\000i\000n\000g\000a\000l\000a}{section.3}% 5
\BOOKMARK [2][-]{subsection.3.3}{\376\377\000F\000i\000b\000o\000n\000a\000c\000c\000i}{section.3}% 6
\BOOKMARK [2][-]{subsection.3.4}{\376\377\000D\000'\000A\000l\000e\000m\000b\000e\000r\000t}{section.3}% 7
\BOOKMARK [1][-]{section.4}{\376\377\000C\000a\000s\000o\000s\000\040\000d\000e\000\040\000e\000s\000t\000u\000d\000i\000o}{}% 8
\BOOKMARK [2][-]{subsection.4.1}{\376\377\000C\000a\000p\000i\000t\000a\000l\000\040\000f\000i\000n\000i\000t\000o}{section.4}% 9
\BOOKMARK [3][-]{subsubsection.4.1.1}{\376\377\000D\000'\000A\000l\000e\000m\000b\000e\000r\000t\000\040\000-\000\040\000T\000\351\000c\000n\000i\000c\000a\000\040\000-\000\040\000\332\000n\000i\000c\000o\000\040\000n\000u\000m\000e\000r\000o}{subsection.4.1}% 10
\BOOKMARK [3][-]{subsubsection.4.1.2}{\376\377\000F\000i\000b\000o\000n\000a\000c\000c\000i\000\040\000-\000\040\000T\000\351\000c\000n\000i\000c\000a\000\040\000-\000\040\000\332\000n\000i\000c\000o\000\040\000n\000u\000m\000e\000r\000o}{subsection.4.1}% 11
\BOOKMARK [3][-]{subsubsection.4.1.3}{\376\377\000M\000a\000r\000t\000i\000n\000g\000a\000l\000a\000\040\000-\000\040\000T\000\351\000c\000n\000i\000c\000a\000\040\000-\000\040\000\332\000n\000i\000c\000o\000\040\000n\000u\000m\000e\000r\000o}{subsection.4.1}% 12
\BOOKMARK [3][-]{subsubsection.4.1.4}{\376\377\000M\000a\000r\000t\000i\000n\000g\000a\000l\000a\000\040\000I\000n\000v\000e\000r\000t\000i\000d\000o\000\040\000-\000\040\000T\000\351\000c\000n\000i\000c\000a\000\040\000-\000\040\000\332\000n\000i\000c\000o\000\040\000n\000u\000m\000e\000r\000o}{subsection.4.1}% 13
\BOOKMARK [3][-]{subsubsection.4.1.5}{\376\377\000D\000'\000A\000l\000e\000m\000b\000e\000r\000t\000\040\000-\000\040\000T\000\351\000c\000n\000i\000c\000a\000\040\000-\000\040\000N\000\372\000m\000e\000r\000o\000s\000\040\000n\000e\000g\000r\000o\000s}{subsection.4.1}% 14
\BOOKMARK [3][-]{subsubsection.4.1.6}{\376\377\000F\000i\000b\000o\000n\000a\000c\000c\000i\000\040\000-\000\040\000T\000\351\000c\000n\000i\000c\000a\000\040\000-\000\040\000N\000\372\000m\000e\000r\000o\000s\000\040\000n\000e\000g\000r\000o\000s}{subsection.4.1}% 15
\BOOKMARK [3][-]{subsubsection.4.1.7}{\376\377\000M\000a\000r\000t\000i\000n\000g\000a\000l\000a\000\040\000-\000\040\000T\000\351\000c\000n\000i\000c\000a\000\040\000-\000\040\000N\000\372\000m\000e\000r\000o\000s\000\040\000n\000e\000g\000r\000o\000s}{subsection.4.1}% 16
\BOOKMARK [3][-]{subsubsection.4.1.8}{\376\377\000M\000a\000r\000t\000i\000n\000g\000a\000l\000a\000\040\000I\000n\000v\000e\000r\000t\000i\000d\000o\000\040\000-\000\040\000T\000\351\000c\000n\000i\000c\000a\000\040\000-\000\040\000N\000\372\000m\000e\000r\000o\000s\000\040\000n\000e\000g\000r\000o\000s}{subsection.4.1}% 17
\BOOKMARK [2][-]{subsection.4.2}{\376\377\000C\000a\000p\000i\000t\000a\000l\000\040\000i\000n\000f\000i\000n\000i\000t\000o}{section.4}% 18
\BOOKMARK [3][-]{subsubsection.4.2.1}{\376\377\000D\000'\000A\000l\000e\000m\000b\000e\000r\000t\000\040\000-\000\040\000T\000\351\000c\000n\000i\000c\000a\000\040\000-\000\040\000\332\000n\000i\000c\000o\000\040\000n\000u\000m\000e\000r\000o}{subsection.4.2}% 19
\BOOKMARK [3][-]{subsubsection.4.2.2}{\376\377\000F\000i\000b\000o\000n\000a\000c\000c\000i\000\040\000-\000\040\000T\000\351\000c\000n\000i\000c\000a\000\040\000-\000\040\000\332\000n\000i\000c\000o\000\040\000n\000u\000m\000e\000r\000o}{subsection.4.2}% 20
\BOOKMARK [3][-]{subsubsection.4.2.3}{\376\377\000M\000a\000r\000t\000i\000n\000g\000a\000l\000a\000\040\000-\000\040\000T\000\351\000c\000n\000i\000c\000a\000\040\000-\000\040\000\332\000n\000i\000c\000o\000\040\000n\000u\000m\000e\000r\000o}{subsection.4.2}% 21
\BOOKMARK [3][-]{subsubsection.4.2.4}{\376\377\000M\000a\000r\000t\000i\000n\000g\000a\000l\000a\000\040\000I\000n\000v\000e\000r\000t\000i\000d\000o\000\040\000-\000\040\000T\000\351\000c\000n\000i\000c\000a\000\040\000-\000\040\000\332\000n\000i\000c\000o\000\040\000n\000u\000m\000e\000r\000o}{subsection.4.2}% 22
\BOOKMARK [3][-]{subsubsection.4.2.5}{\376\377\000D\000'\000A\000l\000e\000m\000b\000e\000r\000t\000\040\000-\000\040\000T\000\351\000c\000n\000i\000c\000a\000\040\000-\000\040\000N\000\372\000m\000e\000r\000o\000s\000\040\000n\000e\000g\000r\000o\000s}{subsection.4.2}% 23
\BOOKMARK [3][-]{subsubsection.4.2.6}{\376\377\000F\000i\000b\000o\000n\000a\000c\000c\000i\000\040\000-\000\040\000T\000\351\000c\000n\000i\000c\000a\000\040\000-\000\040\000N\000\372\000m\000e\000r\000o\000s\000\040\000n\000e\000g\000r\000o\000s}{subsection.4.2}% 24
\BOOKMARK [3][-]{subsubsection.4.2.7}{\376\377\000M\000a\000r\000t\000i\000n\000g\000a\000l\000a\000\040\000-\000\040\000T\000\351\000c\000n\000i\000c\000a\000\040\000-\000\040\000N\000\372\000m\000e\000r\000o\000s\000\040\000n\000e\000g\000r\000o\000s}{subsection.4.2}% 25
\BOOKMARK [3][-]{subsubsection.4.2.8}{\376\377\000M\000a\000r\000t\000i\000n\000g\000a\000l\000a\000\040\000I\000n\000v\000e\000r\000t\000i\000d\000o\000\040\000-\000\040\000T\000\351\000c\000n\000i\000c\000a\000\040\000-\000\040\000N\000\372\000m\000e\000r\000o\000s\000\040\000n\000e\000g\000r\000o\000s}{subsection.4.2}% 26
\BOOKMARK [1][-]{section.5}{\376\377\000C\000o\000n\000c\000l\000u\000s\000i\000\363\000n}{}% 27
